2026-07-17 18:26:36,460 - ai-video-worker - v0.1.1 - [79746] - MainThread - INFO - Initialized LTXGenerationEngine with adapter: MLXLTXAdapter
2026-07-17 18:26:43,887 - ai-video-worker - v0.1.1 - [79746] - MainThread - INFO - ============================================================
AI VIDEO WORKER STARTUP REPORT
============================================================
Status:         READY
Version:        0.1.1
Engine:         LTX
OS:             Darwin 26.5.1
Python:         3.13.0
Python Path:    /Users/marcelkoert/IdeaProjects/AI Studio Local/worker_v2/venv/bin/python
Venv Path:      None
Device:         Marcels-MacBook-Pro-2.local
Chip:           Apple M4 Max
Memory:         128.0 GB total (94.45 GB free)
MLX Available:  ✅
FFmpeg:         ✅
Libraries:      fastapi:✅, uvicorn:✅, pydantic:✅, psutil:✅, requests:✅, mlx:✅, mlx_audio:✅, mlx_lm:✅, mlx_vlm:✅, mlx_video:✅, cv2:✅
Models Dir:     /Users/marcelkoert/IdeaProjects/AI Studio Local/worker_v2/models
Models Disk:    570.25 GB free
============================================================
INFO:     Started server process [79746]
INFO:     Waiting for application startup.
INFO:     Application startup complete.
INFO:     Uvicorn running on http://127.0.0.1:8000 (Press CTRL+C to quit)
2026-07-17 18:27:03,905 - ai-video-worker - v0.1.1 - [79746] - MainThread - INFO - Incoming GET /health
2026-07-17 18:27:03,905 - ai-video-worker - v0.1.1 - [79746] - MainThread - DEBUG - Request headers: {'host': '127.0.0.1:8000', 'user-agent': 'curl/8.7.1', 'accept': '*/*'}
2026-07-17 18:27:03,906 - ai-video-worker - v0.1.1 - [79746] - MainThread - INFO - Completed GET /health - Status 200 - Duration 0.67ms
INFO:     127.0.0.1:56104 - "GET /health HTTP/1.1" 200 OK
2026-07-17 18:27:08,988 - ai-video-worker - v0.1.1 - [79746] - MainThread - INFO - Incoming GET /models
2026-07-17 18:27:08,988 - ai-video-worker - v0.1.1 - [79746] - MainThread - DEBUG - Request headers: {'host': '127.0.0.1:8000', 'user-agent': 'curl/8.7.1', 'accept': '*/*'}
2026-07-17 18:27:08,989 - ai-video-worker - v0.1.1 - [79746] - MainThread - INFO - Completed GET /models - Status 200 - Duration 1.05ms
INFO:     127.0.0.1:56107 - "GET /models HTTP/1.1" 200 OK
2026-07-17 18:27:12,943 - ai-video-worker - v0.1.1 - [79746] - MainThread - INFO - Incoming GET /models
2026-07-17 18:27:12,943 - ai-video-worker - v0.1.1 - [79746] - MainThread - DEBUG - Request headers: {'host': '127.0.0.1:8000', 'user-agent': 'curl/8.7.1', 'accept': '*/*'}
2026-07-17 18:27:12,944 - ai-video-worker - v0.1.1 - [79746] - MainThread - INFO - Completed GET /models - Status 200 - Duration 0.95ms
INFO:     127.0.0.1:56108 - "GET /models HTTP/1.1" 200 OK
2026-07-17 18:27:22,031 - ai-video-worker - v0.1.1 - [79746] - MainThread - INFO - Incoming POST /generate/text-to-video
2026-07-17 18:27:22,031 - ai-video-worker - v0.1.1 - [79746] - MainThread - DEBUG - Request headers: {'host': '127.0.0.1:8000', 'user-agent': 'curl/8.7.1', 'accept': '*/*', 'content-type': 'application/json', 'content-length': '117'}
2026-07-17 18:27:22,032 - ai-video-worker - v0.1.1 - [79746] - MainThread - DEBUG - text_to_video request: {'prompt': 'a horse running', 'negative_prompt': None, 'width': 704, 'height': 512, 'num_frames': 49, 'steps': 20, 'guidance_scale': 3.0, 'seed': None, 'enhance_prompt': False, 'use_uncensored_enhancer': False, 'model_id': 'ltx-video-v1', 'project_id': None, 'scene_id': None, 'composed_prompt_path': None, 'image_path': None, 'audio_path': None, 'video_path': None, 'retake_start_seconds': None, 'retake_end_seconds': None}
2026-07-17 18:27:22,032 - ai-video-worker - v0.1.1 - [79746] - MainThread - INFO - Creating text-to-video job for model: ltx-video-v1
2026-07-17 18:27:22,032 - ai-video-worker - v0.1.1 - [79746] - MainThread - INFO - Job e43e2f76-6d9b-45e0-8ece-885599386db3 started background execution.
2026-07-17 18:27:22,032 - ai-video-worker - v0.1.1 - [79746] - MainThread - INFO - LTXEngine: Starting text-to-video generation for job e43e2f76-6d9b-45e0-8ece-885599386db3
2026-07-17 18:27:22,032 - ai-video-worker - v0.1.1 - [79746] - MainThread - INFO - LTXEngine: Request prompt: 'a horse running'
2026-07-17 18:27:22,033 - ai-video-worker - v0.1.1 - [79746] - MainThread - INFO - Job e43e2f76-6d9b-45e0-8ece-885599386db3 progress: loading_model (5.0%) - Switching to model ltx-video-v1...
2026-07-17 18:27:22,033 - ai-video-worker - v0.1.1 - [79746] - MainThread - DEBUG - Job e43e2f76-6d9b-45e0-8ece-885599386db3 progress: loading_model (5.0%) - Switching to model ltx-video-v1...
2026-07-17 18:27:22,033 - ai-video-worker - v0.1.1 - [79746] - MainThread - INFO - LTXEngine: Loading model ltx-video-v1
2026-07-17 18:27:22,033 - ai-video-worker - v0.1.1 - [79746] - MainThread - DEBUG - [_validate_hardware] Checking hardware compatibility. min_memory_gb=16.0
2026-07-17 18:27:22,034 - ai-video-worker - v0.1.1 - [79746] - MainThread - DEBUG - [_validate_hardware] Total RAM: 128.00GB, Available RAM: 94.11GB
2026-07-17 18:27:22,034 - ai-video-worker - v0.1.1 - [79746] - MainThread - INFO - MLXAdapter: Loading ltx-video-v1 from models/ltx-video-v1
2026-07-17 18:27:23,802 - ai-video-worker - v0.1.1 - [79746] - MainThread - DEBUG - Job e43e2f76-6d9b-45e0-8ece-885599386db3 progress: preparing_inputs (10.0%) - Preparing generation inputs...
2026-07-17 18:27:23,802 - ai-video-worker - v0.1.1 - [79746] - MainThread - DEBUG - [MLXLTXAdapter] generate_text_to_video pipeline=AV_MODEL
2026-07-17 18:27:23,802 - ai-video-worker - v0.1.1 - [79746] - MainThread - INFO - MLXLTXAdapter: AV Generation for a horse running
2026-07-17 18:27:23,809 - ai-video-worker - v0.1.1 - [79746] - MainThread - DEBUG - Job e43e2f76-6d9b-45e0-8ece-885599386db3 progress: loading_model (5.0%) - Preparing unified AV model...
2026-07-17 18:27:23,809 - ai-video-worker - v0.1.1 - [79746] - MainThread - INFO - Generated random seed for AV: 3213452617
2026-07-17 18:27:23,809 - ai-video-worker - v0.1.1 - [79746] - MainThread - INFO - MLXLTXAdapter: Starting unified AV generation for prompt: 'a horse running'
2026-07-17 18:27:23,809 - ai-video-worker - v0.1.1 - [79746] - MainThread - INFO - MLXLTXAdapter: Starting unified AV generation (seed: 3213452617). This may take a while...
2026-07-17 18:27:23,809 - ai-video-worker - v0.1.1 - [79746] - MainThread - DEBUG - MLXLTXAdapter: AV Generation Details:
2026-07-17 18:27:23,809 - ai-video-worker - v0.1.1 - [79746] - MainThread - DEBUG -   - Model Repo: models/ltx-video-v1
2026-07-17 18:27:23,809 - ai-video-worker - v0.1.1 - [79746] - MainThread - DEBUG -   - Text Encoder: models/gemma-3-12b-it-bf16
2026-07-17 18:27:23,809 - ai-video-worker - v0.1.1 - [79746] - MainThread - DEBUG -   - Prompt: a horse running
2026-07-17 18:27:23,809 - ai-video-worker - v0.1.1 - [79746] - MainThread - DEBUG -   - Size: 704x512
2026-07-17 18:27:23,809 - ai-video-worker - v0.1.1 - [79746] - MainThread - DEBUG -   - Frames: 49
2026-07-17 18:27:23,809 - ai-video-worker - v0.1.1 - [79746] - MainThread - DEBUG -   - Steps: 20
2026-07-17 18:27:23,809 - ai-video-worker - v0.1.1 - [79746] - MainThread - DEBUG -   - Output: outputs/e43e2f76-6d9b-45e0-8ece-885599386db3/output.mp4
2026-07-17 18:27:23,810 - ai-video-worker - v0.1.1 - [79746] - MainThread - DEBUG - Job e43e2f76-6d9b-45e0-8ece-885599386db3 progress: checking_hardware (5.0%) - Validating hardware compatibility...
2026-07-17 18:27:23,810 - ai-video-worker - v0.1.1 - [79746] - MainThread - DEBUG - Job e43e2f76-6d9b-45e0-8ece-885599386db3 progress: loading_model (8.0%) - Preparing unified AV model...
2026-07-17 18:27:23,810 - ai-video-worker - v0.1.1 - [79746] - MainThread - INFO - MLXLTXAdapter: Prompt enhancement is DISABLED. Using raw prompt: 'a horse running'
[2mMLX default device: Device(gpu, 0)[0m
[1m[96m🎬 [T2V+Audio] Generating 704x512 video with 49 frames + audio[0m
2026-07-17 18:27:23,811 - ai-video-worker - v0.1.1 - [79746] - MainThread - INFO - Completed POST /generate/text-to-video - Status 200 - Duration 1780.09ms
[2mAudio: 51 latent frames @ 24000Hz[0m
[2mPrompt: a horse running[0m
INFO:     127.0.0.1:56113 - "POST /generate/text-to-video HTTP/1.1" 200 OK
[2mmlx-video-with-audio v0.1.36[0m
MLX_VIDEO_VERSION:0.1.36
[2mDetected LTX-2.3 distilled model family (gated attention)[0m
[2mDistilled model: ignoring CFG scale 3.00 (guidance is baked in).[0m
[2mUsing unified MLX model format (no Lightricks download)[0m
RESOLVE:MODEL_PATH:models/ltx-video-v1
RESOLVE:USE_UNIFIED:True
RESOLVE:TEXT_ENCODER_PATH:models/gemma-3-12b-it-bf16
TEXT_ENCODER:PATH:models/gemma-3-12b-it-bf16
TEXT_ENCODER:CONFIG_KEYS:architectures,boi_token_index,eoi_token_index,eos_token_id,image_token_index,initializer_range,mm_tokens_per_image,model_type,text_config,torch_dtype,transformers_version,vision_config
[2mLTX-2 Unified classic path: fixed stage sigmas (stage1=8 + stage2=3 denoise steps; --steps ignored for sampler parity with pre-2.3 releases).[0m
[94m📝 Loading text encoder...[0m
TEXT_ENCODER:LOAD_START
2026-07-17 18:27:29,741 - ai-video-worker - v0.1.1 - [79746] - MainThread - INFO - Incoming GET /jobs/e43e2f76-6d9b-45e0-8ece-885599386db3
2026-07-17 18:27:29,741 - ai-video-worker - v0.1.1 - [79746] - MainThread - DEBUG - Request headers: {'host': '127.0.0.1:8000', 'user-agent': 'curl/8.7.1', 'accept': '*/*'}
2026-07-17 18:27:29,741 - ai-video-worker - v0.1.1 - [79746] - MainThread - INFO - Completed GET /jobs/e43e2f76-6d9b-45e0-8ece-885599386db3 - Status 200 - Duration 0.63ms
INFO:     127.0.0.1:56114 - "GET /jobs/e43e2f76-6d9b-45e0-8ece-885599386db3 HTTP/1.1" 200 OK
TEXT_ENCODER:PATH:models/gemma-3-12b-it-bf16
TEXT_ENCODER:CONFIG_KEYS:architectures,boi_token_index,eoi_token_index,eos_token_id,image_token_index,initializer_range,mm_tokens_per_image,model_type,text_config,torch_dtype,transformers_version,vision_config
Text encoder loaded successfully
TEXT_ENCODER:LOAD_COMPLETE
TEXT_ENCODER:EVAL_START:888
TEXT_ENCODER:EVAL_CHUNK:1:1:1541406720
2026-07-17 18:27:40,904 - ai-video-worker - v0.1.1 - [79746] - ThreadPoolExecutor-0_0 - INFO - Job e43e2f76-6d9b-45e0-8ece-885599386db3 progress: preparing_inputs (15.0%) - Encoding text prompt (chunk 1/1)...
2026-07-17 18:27:40,904 - ai-video-worker - v0.1.1 - [79746] - ThreadPoolExecutor-0_0 - DEBUG - Job e43e2f76-6d9b-45e0-8ece-885599386db3 progress: preparing_inputs (15.0%) - Encoding text prompt (chunk 1/1)...
TEXT_ENCODER:EVAL_CHUNK:2:16:403005504
2026-07-17 18:27:40,951 - ai-video-worker - v0.1.1 - [79746] - ThreadPoolExecutor-0_0 - DEBUG - Job e43e2f76-6d9b-45e0-8ece-885599386db3 progress: preparing_inputs (10.6%) - Encoding text prompt (chunk 2/16)...
TEXT_ENCODER:EVAL_CHUNK:3:16:403005504
2026-07-17 18:27:40,964 - ai-video-worker - v0.1.1 - [79746] - ThreadPoolExecutor-0_0 - DEBUG - Job e43e2f76-6d9b-45e0-8ece-885599386db3 progress: preparing_inputs (10.9%) - Encoding text prompt (chunk 3/16)...
TEXT_ENCODER:EVAL_CHUNK:4:16:403005504
2026-07-17 18:27:40,975 - ai-video-worker - v0.1.1 - [79746] - ThreadPoolExecutor-0_0 - DEBUG - Job e43e2f76-6d9b-45e0-8ece-885599386db3 progress: preparing_inputs (11.2%) - Encoding text prompt (chunk 4/16)...
TEXT_ENCODER:EVAL_CHUNK:5:16:403005504
2026-07-17 18:27:40,988 - ai-video-worker - v0.1.1 - [79746] - ThreadPoolExecutor-0_0 - DEBUG - Job e43e2f76-6d9b-45e0-8ece-885599386db3 progress: preparing_inputs (11.6%) - Encoding text prompt (chunk 5/16)...
TEXT_ENCODER:EVAL_CHUNK:6:16:403005504
2026-07-17 18:27:41,001 - ai-video-worker - v0.1.1 - [79746] - ThreadPoolExecutor-0_0 - DEBUG - Job e43e2f76-6d9b-45e0-8ece-885599386db3 progress: preparing_inputs (11.9%) - Encoding text prompt (chunk 6/16)...
TEXT_ENCODER:EVAL_CHUNK:7:16:403005504
2026-07-17 18:27:41,014 - ai-video-worker - v0.1.1 - [79746] - ThreadPoolExecutor-0_0 - DEBUG - Job e43e2f76-6d9b-45e0-8ece-885599386db3 progress: preparing_inputs (12.2%) - Encoding text prompt (chunk 7/16)...
TEXT_ENCODER:EVAL_CHUNK:8:16:403005504
2026-07-17 18:27:41,026 - ai-video-worker - v0.1.1 - [79746] - ThreadPoolExecutor-0_0 - DEBUG - Job e43e2f76-6d9b-45e0-8ece-885599386db3 progress: preparing_inputs (12.5%) - Encoding text prompt (chunk 8/16)...
TEXT_ENCODER:EVAL_CHUNK:9:16:403005504
2026-07-17 18:27:41,038 - ai-video-worker - v0.1.1 - [79746] - ThreadPoolExecutor-0_0 - DEBUG - Job e43e2f76-6d9b-45e0-8ece-885599386db3 progress: preparing_inputs (12.8%) - Encoding text prompt (chunk 9/16)...
TEXT_ENCODER:EVAL_CHUNK:10:16:68337728
2026-07-17 18:27:41,050 - ai-video-worker - v0.1.1 - [79746] - ThreadPoolExecutor-0_0 - DEBUG - Job e43e2f76-6d9b-45e0-8ece-885599386db3 progress: preparing_inputs (13.1%) - Encoding text prompt (chunk 10/16)...
TEXT_ENCODER:EVAL_CHUNK:11:16:100839488
2026-07-17 18:27:41,054 - ai-video-worker - v0.1.1 - [79746] - ThreadPoolExecutor-0_0 - DEBUG - Job e43e2f76-6d9b-45e0-8ece-885599386db3 progress: preparing_inputs (13.4%) - Encoding text prompt (chunk 11/16)...
TEXT_ENCODER:EVAL_CHUNK:12:16:100839488
2026-07-17 18:27:41,058 - ai-video-worker - v0.1.1 - [79746] - ThreadPoolExecutor-0_0 - DEBUG - Job e43e2f76-6d9b-45e0-8ece-885599386db3 progress: preparing_inputs (13.8%) - Encoding text prompt (chunk 12/16)...
TEXT_ENCODER:EVAL_CHUNK:13:16:100839488
2026-07-17 18:27:41,062 - ai-video-worker - v0.1.1 - [79746] - ThreadPoolExecutor-0_0 - DEBUG - Job e43e2f76-6d9b-45e0-8ece-885599386db3 progress: preparing_inputs (14.1%) - Encoding text prompt (chunk 13/16)...
TEXT_ENCODER:EVAL_CHUNK:14:16:100839488
2026-07-17 18:27:41,067 - ai-video-worker - v0.1.1 - [79746] - ThreadPoolExecutor-0_0 - DEBUG - Job e43e2f76-6d9b-45e0-8ece-885599386db3 progress: preparing_inputs (14.4%) - Encoding text prompt (chunk 14/16)...
TEXT_ENCODER:EVAL_CHUNK:15:16:100839488
2026-07-17 18:27:41,071 - ai-video-worker - v0.1.1 - [79746] - ThreadPoolExecutor-0_0 - DEBUG - Job e43e2f76-6d9b-45e0-8ece-885599386db3 progress: preparing_inputs (14.7%) - Encoding text prompt (chunk 15/16)...
TEXT_ENCODER:EVAL_CHUNK:16:16:100839488
2026-07-17 18:27:41,075 - ai-video-worker - v0.1.1 - [79746] - ThreadPoolExecutor-0_0 - DEBUG - Job e43e2f76-6d9b-45e0-8ece-885599386db3 progress: preparing_inputs (15.0%) - Encoding text prompt (chunk 16/16)...
TEXT_ENCODER:EVAL_CHUNK:17:16:100839488
2026-07-17 18:27:41,080 - ai-video-worker - v0.1.1 - [79746] - ThreadPoolExecutor-0_0 - DEBUG - Job e43e2f76-6d9b-45e0-8ece-885599386db3 progress: preparing_inputs (15.0%) - Encoding text prompt (chunk 17/16)...
TEXT_ENCODER:EVAL_CHUNK:18:3:34082816
2026-07-17 18:27:41,084 - ai-video-worker - v0.1.1 - [79746] - ThreadPoolExecutor-0_0 - DEBUG - Job e43e2f76-6d9b-45e0-8ece-885599386db3 progress: preparing_inputs (15.0%) - Encoding text prompt (chunk 18/3)...
TEXT_ENCODER:EVAL_CHUNK:19:1:2013757440
2026-07-17 18:27:41,087 - ai-video-worker - v0.1.1 - [79746] - ThreadPoolExecutor-0_0 - DEBUG - Job e43e2f76-6d9b-45e0-8ece-885599386db3 progress: preparing_inputs (15.0%) - Encoding text prompt (chunk 19/1)...
TEXT_ENCODER:EVAL_CHUNK:20:16:511212544
2026-07-17 18:27:41,157 - ai-video-worker - v0.1.1 - [79746] - ThreadPoolExecutor-0_0 - DEBUG - Job e43e2f76-6d9b-45e0-8ece-885599386db3 progress: preparing_inputs (15.0%) - Encoding text prompt (chunk 20/16)...
TEXT_ENCODER:EVAL_CHUNK:21:16:479756288
2026-07-17 18:27:41,171 - ai-video-worker - v0.1.1 - [79746] - ThreadPoolExecutor-0_0 - DEBUG - Job e43e2f76-6d9b-45e0-8ece-885599386db3 progress: preparing_inputs (15.0%) - Encoding text prompt (chunk 21/16)...
TEXT_ENCODER:EVAL_CHUNK:22:13:448297984
2026-07-17 18:27:41,184 - ai-video-worker - v0.1.1 - [79746] - ThreadPoolExecutor-0_0 - DEBUG - Job e43e2f76-6d9b-45e0-8ece-885599386db3 progress: preparing_inputs (15.0%) - Encoding text prompt (chunk 22/13)...
TEXT_ENCODER:EVAL_CHUNK:23:13:448297984
2026-07-17 18:27:41,198 - ai-video-worker - v0.1.1 - [79746] - ThreadPoolExecutor-0_0 - DEBUG - Job e43e2f76-6d9b-45e0-8ece-885599386db3 progress: preparing_inputs (15.0%) - Encoding text prompt (chunk 23/13)...
TEXT_ENCODER:EVAL_CHUNK:24:13:448297984
2026-07-17 18:27:41,212 - ai-video-worker - v0.1.1 - [79746] - ThreadPoolExecutor-0_0 - DEBUG - Job e43e2f76-6d9b-45e0-8ece-885599386db3 progress: preparing_inputs (15.0%) - Encoding text prompt (chunk 24/13)...
TEXT_ENCODER:EVAL_CHUNK:25:13:448297984
2026-07-17 18:27:41,225 - ai-video-worker - v0.1.1 - [79746] - ThreadPoolExecutor-0_0 - DEBUG - Job e43e2f76-6d9b-45e0-8ece-885599386db3 progress: preparing_inputs (15.0%) - Encoding text prompt (chunk 25/13)...
TEXT_ENCODER:EVAL_CHUNK:26:13:448297984
2026-07-17 18:27:41,239 - ai-video-worker - v0.1.1 - [79746] - ThreadPoolExecutor-0_0 - DEBUG - Job e43e2f76-6d9b-45e0-8ece-885599386db3 progress: preparing_inputs (15.0%) - Encoding text prompt (chunk 26/13)...
TEXT_ENCODER:EVAL_CHUNK:27:13:448297984
2026-07-17 18:27:41,253 - ai-video-worker - v0.1.1 - [79746] - ThreadPoolExecutor-0_0 - DEBUG - Job e43e2f76-6d9b-45e0-8ece-885599386db3 progress: preparing_inputs (15.0%) - Encoding text prompt (chunk 27/13)...
TEXT_ENCODER:EVAL_CHUNK:28:13:448297984
2026-07-17 18:27:41,266 - ai-video-worker - v0.1.1 - [79746] - ThreadPoolExecutor-0_0 - DEBUG - Job e43e2f76-6d9b-45e0-8ece-885599386db3 progress: preparing_inputs (15.0%) - Encoding text prompt (chunk 28/13)...
TEXT_ENCODER:EVAL_CHUNK:29:13:448297984
2026-07-17 18:27:41,280 - ai-video-worker - v0.1.1 - [79746] - ThreadPoolExecutor-0_0 - DEBUG - Job e43e2f76-6d9b-45e0-8ece-885599386db3 progress: preparing_inputs (15.0%) - Encoding text prompt (chunk 29/13)...
TEXT_ENCODER:EVAL_CHUNK:30:13:448297984
2026-07-17 18:27:41,293 - ai-video-worker - v0.1.1 - [79746] - ThreadPoolExecutor-0_0 - DEBUG - Job e43e2f76-6d9b-45e0-8ece-885599386db3 progress: preparing_inputs (15.0%) - Encoding text prompt (chunk 30/13)...
TEXT_ENCODER:EVAL_CHUNK:31:13:448297984
2026-07-17 18:27:41,307 - ai-video-worker - v0.1.1 - [79746] - ThreadPoolExecutor-0_0 - DEBUG - Job e43e2f76-6d9b-45e0-8ece-885599386db3 progress: preparing_inputs (15.0%) - Encoding text prompt (chunk 31/13)...
TEXT_ENCODER:EVAL_CHUNK:32:13:448297984
2026-07-17 18:27:41,321 - ai-video-worker - v0.1.1 - [79746] - ThreadPoolExecutor-0_0 - DEBUG - Job e43e2f76-6d9b-45e0-8ece-885599386db3 progress: preparing_inputs (15.0%) - Encoding text prompt (chunk 32/13)...
TEXT_ENCODER:EVAL_CHUNK:33:13:448297984
2026-07-17 18:27:41,334 - ai-video-worker - v0.1.1 - [79746] - ThreadPoolExecutor-0_0 - DEBUG - Job e43e2f76-6d9b-45e0-8ece-885599386db3 progress: preparing_inputs (15.0%) - Encoding text prompt (chunk 33/13)...
TEXT_ENCODER:EVAL_CHUNK:34:13:448297984
2026-07-17 18:27:41,347 - ai-video-worker - v0.1.1 - [79746] - ThreadPoolExecutor-0_0 - DEBUG - Job e43e2f76-6d9b-45e0-8ece-885599386db3 progress: preparing_inputs (15.0%) - Encoding text prompt (chunk 34/13)...
TEXT_ENCODER:EVAL_CHUNK:35:13:448297984
2026-07-17 18:27:41,360 - ai-video-worker - v0.1.1 - [79746] - ThreadPoolExecutor-0_0 - DEBUG - Job e43e2f76-6d9b-45e0-8ece-885599386db3 progress: preparing_inputs (15.0%) - Encoding text prompt (chunk 35/13)...
TEXT_ENCODER:EVAL_CHUNK:36:13:448297984
2026-07-17 18:27:41,373 - ai-video-worker - v0.1.1 - [79746] - ThreadPoolExecutor-0_0 - DEBUG - Job e43e2f76-6d9b-45e0-8ece-885599386db3 progress: preparing_inputs (15.0%) - Encoding text prompt (chunk 36/13)...
TEXT_ENCODER:EVAL_CHUNK:37:13:448297984
2026-07-17 18:27:41,387 - ai-video-worker - v0.1.1 - [79746] - ThreadPoolExecutor-0_0 - DEBUG - Job e43e2f76-6d9b-45e0-8ece-885599386db3 progress: preparing_inputs (15.0%) - Encoding text prompt (chunk 37/13)...
TEXT_ENCODER:EVAL_CHUNK:38:13:448297984
2026-07-17 18:27:41,401 - ai-video-worker - v0.1.1 - [79746] - ThreadPoolExecutor-0_0 - DEBUG - Job e43e2f76-6d9b-45e0-8ece-885599386db3 progress: preparing_inputs (15.0%) - Encoding text prompt (chunk 38/13)...
TEXT_ENCODER:EVAL_CHUNK:39:13:448297984
2026-07-17 18:27:41,415 - ai-video-worker - v0.1.1 - [79746] - ThreadPoolExecutor-0_0 - DEBUG - Job e43e2f76-6d9b-45e0-8ece-885599386db3 progress: preparing_inputs (15.0%) - Encoding text prompt (chunk 39/13)...
TEXT_ENCODER:EVAL_CHUNK:40:13:448297984
2026-07-17 18:27:41,428 - ai-video-worker - v0.1.1 - [79746] - ThreadPoolExecutor-0_0 - DEBUG - Job e43e2f76-6d9b-45e0-8ece-885599386db3 progress: preparing_inputs (15.0%) - Encoding text prompt (chunk 40/13)...
TEXT_ENCODER:EVAL_CHUNK:41:13:448297984
2026-07-17 18:27:41,442 - ai-video-worker - v0.1.1 - [79746] - ThreadPoolExecutor-0_0 - DEBUG - Job e43e2f76-6d9b-45e0-8ece-885599386db3 progress: preparing_inputs (15.0%) - Encoding text prompt (chunk 41/13)...
TEXT_ENCODER:EVAL_CHUNK:42:13:448297984
2026-07-17 18:27:41,456 - ai-video-worker - v0.1.1 - [79746] - ThreadPoolExecutor-0_0 - DEBUG - Job e43e2f76-6d9b-45e0-8ece-885599386db3 progress: preparing_inputs (15.0%) - Encoding text prompt (chunk 42/13)...
TEXT_ENCODER:EVAL_CHUNK:43:13:448297984
2026-07-17 18:27:41,470 - ai-video-worker - v0.1.1 - [79746] - ThreadPoolExecutor-0_0 - DEBUG - Job e43e2f76-6d9b-45e0-8ece-885599386db3 progress: preparing_inputs (15.0%) - Encoding text prompt (chunk 43/13)...
TEXT_ENCODER:EVAL_CHUNK:44:13:448297984
2026-07-17 18:27:41,483 - ai-video-worker - v0.1.1 - [79746] - ThreadPoolExecutor-0_0 - DEBUG - Job e43e2f76-6d9b-45e0-8ece-885599386db3 progress: preparing_inputs (15.0%) - Encoding text prompt (chunk 44/13)...
TEXT_ENCODER:EVAL_CHUNK:45:13:448297984
2026-07-17 18:27:41,496 - ai-video-worker - v0.1.1 - [79746] - ThreadPoolExecutor-0_0 - DEBUG - Job e43e2f76-6d9b-45e0-8ece-885599386db3 progress: preparing_inputs (15.0%) - Encoding text prompt (chunk 45/13)...
TEXT_ENCODER:EVAL_CHUNK:46:13:448297984
2026-07-17 18:27:41,509 - ai-video-worker - v0.1.1 - [79746] - ThreadPoolExecutor-0_0 - DEBUG - Job e43e2f76-6d9b-45e0-8ece-885599386db3 progress: preparing_inputs (15.0%) - Encoding text prompt (chunk 46/13)...
TEXT_ENCODER:EVAL_CHUNK:47:13:448297984
2026-07-17 18:27:41,523 - ai-video-worker - v0.1.1 - [79746] - ThreadPoolExecutor-0_0 - DEBUG - Job e43e2f76-6d9b-45e0-8ece-885599386db3 progress: preparing_inputs (15.0%) - Encoding text prompt (chunk 47/13)...
TEXT_ENCODER:EVAL_CHUNK:48:13:448297984
2026-07-17 18:27:41,536 - ai-video-worker - v0.1.1 - [79746] - ThreadPoolExecutor-0_0 - DEBUG - Job e43e2f76-6d9b-45e0-8ece-885599386db3 progress: preparing_inputs (15.0%) - Encoding text prompt (chunk 48/13)...
TEXT_ENCODER:EVAL_CHUNK:49:13:448297984
2026-07-17 18:27:41,550 - ai-video-worker - v0.1.1 - [79746] - ThreadPoolExecutor-0_0 - DEBUG - Job e43e2f76-6d9b-45e0-8ece-885599386db3 progress: preparing_inputs (15.0%) - Encoding text prompt (chunk 49/13)...
TEXT_ENCODER:EVAL_CHUNK:50:13:448297984
2026-07-17 18:27:41,564 - ai-video-worker - v0.1.1 - [79746] - ThreadPoolExecutor-0_0 - DEBUG - Job e43e2f76-6d9b-45e0-8ece-885599386db3 progress: preparing_inputs (15.0%) - Encoding text prompt (chunk 50/13)...
TEXT_ENCODER:EVAL_CHUNK:51:13:448297984
2026-07-17 18:27:41,578 - ai-video-worker - v0.1.1 - [79746] - ThreadPoolExecutor-0_0 - DEBUG - Job e43e2f76-6d9b-45e0-8ece-885599386db3 progress: preparing_inputs (15.0%) - Encoding text prompt (chunk 51/13)...
TEXT_ENCODER:EVAL_CHUNK:52:13:448297984
2026-07-17 18:27:41,591 - ai-video-worker - v0.1.1 - [79746] - ThreadPoolExecutor-0_0 - DEBUG - Job e43e2f76-6d9b-45e0-8ece-885599386db3 progress: preparing_inputs (15.0%) - Encoding text prompt (chunk 52/13)...
TEXT_ENCODER:EVAL_CHUNK:53:13:448297984
2026-07-17 18:27:41,605 - ai-video-worker - v0.1.1 - [79746] - ThreadPoolExecutor-0_0 - DEBUG - Job e43e2f76-6d9b-45e0-8ece-885599386db3 progress: preparing_inputs (15.0%) - Encoding text prompt (chunk 53/13)...
TEXT_ENCODER:EVAL_CHUNK:54:13:448297984
2026-07-17 18:27:41,619 - ai-video-worker - v0.1.1 - [79746] - ThreadPoolExecutor-0_0 - DEBUG - Job e43e2f76-6d9b-45e0-8ece-885599386db3 progress: preparing_inputs (15.0%) - Encoding text prompt (chunk 54/13)...
TEXT_ENCODER:EVAL_CHUNK:55:13:448297984
2026-07-17 18:27:41,632 - ai-video-worker - v0.1.1 - [79746] - ThreadPoolExecutor-0_0 - DEBUG - Job e43e2f76-6d9b-45e0-8ece-885599386db3 progress: preparing_inputs (15.0%) - Encoding text prompt (chunk 55/13)...
TEXT_ENCODER:EVAL_CHUNK:56:13:448297984
2026-07-17 18:27:41,646 - ai-video-worker - v0.1.1 - [79746] - ThreadPoolExecutor-0_0 - DEBUG - Job e43e2f76-6d9b-45e0-8ece-885599386db3 progress: preparing_inputs (15.0%) - Encoding text prompt (chunk 56/13)...
TEXT_ENCODER:EVAL_CHUNK:57:13:448297984
2026-07-17 18:27:41,660 - ai-video-worker - v0.1.1 - [79746] - ThreadPoolExecutor-0_0 - DEBUG - Job e43e2f76-6d9b-45e0-8ece-885599386db3 progress: preparing_inputs (15.0%) - Encoding text prompt (chunk 57/13)...
TEXT_ENCODER:EVAL_CHUNK:58:13:448297984
2026-07-17 18:27:41,673 - ai-video-worker - v0.1.1 - [79746] - ThreadPoolExecutor-0_0 - DEBUG - Job e43e2f76-6d9b-45e0-8ece-885599386db3 progress: preparing_inputs (15.0%) - Encoding text prompt (chunk 58/13)...
TEXT_ENCODER:EVAL_CHUNK:59:13:448297984
2026-07-17 18:27:41,687 - ai-video-worker - v0.1.1 - [79746] - ThreadPoolExecutor-0_0 - DEBUG - Job e43e2f76-6d9b-45e0-8ece-885599386db3 progress: preparing_inputs (15.0%) - Encoding text prompt (chunk 59/13)...
TEXT_ENCODER:EVAL_CHUNK:60:13:448297984
2026-07-17 18:27:41,699 - ai-video-worker - v0.1.1 - [79746] - ThreadPoolExecutor-0_0 - DEBUG - Job e43e2f76-6d9b-45e0-8ece-885599386db3 progress: preparing_inputs (15.0%) - Encoding text prompt (chunk 60/13)...
TEXT_ENCODER:EVAL_CHUNK:61:13:448297984
2026-07-17 18:27:41,713 - ai-video-worker - v0.1.1 - [79746] - ThreadPoolExecutor-0_0 - DEBUG - Job e43e2f76-6d9b-45e0-8ece-885599386db3 progress: preparing_inputs (15.0%) - Encoding text prompt (chunk 61/13)...
TEXT_ENCODER:EVAL_CHUNK:62:13:448297984
2026-07-17 18:27:41,727 - ai-video-worker - v0.1.1 - [79746] - ThreadPoolExecutor-0_0 - DEBUG - Job e43e2f76-6d9b-45e0-8ece-885599386db3 progress: preparing_inputs (15.0%) - Encoding text prompt (chunk 62/13)...
TEXT_ENCODER:EVAL_CHUNK:63:13:448297984
2026-07-17 18:27:41,741 - ai-video-worker - v0.1.1 - [79746] - ThreadPoolExecutor-0_0 - DEBUG - Job e43e2f76-6d9b-45e0-8ece-885599386db3 progress: preparing_inputs (15.0%) - Encoding text prompt (chunk 63/13)...
TEXT_ENCODER:EVAL_CHUNK:64:13:448297984
2026-07-17 18:27:41,755 - ai-video-worker - v0.1.1 - [79746] - ThreadPoolExecutor-0_0 - DEBUG - Job e43e2f76-6d9b-45e0-8ece-885599386db3 progress: preparing_inputs (15.0%) - Encoding text prompt (chunk 64/13)...
TEXT_ENCODER:EVAL_CHUNK:65:13:448297984
2026-07-17 18:27:41,769 - ai-video-worker - v0.1.1 - [79746] - ThreadPoolExecutor-0_0 - DEBUG - Job e43e2f76-6d9b-45e0-8ece-885599386db3 progress: preparing_inputs (15.0%) - Encoding text prompt (chunk 65/13)...
TEXT_ENCODER:EVAL_CHUNK:66:13:448297984
2026-07-17 18:27:41,782 - ai-video-worker - v0.1.1 - [79746] - ThreadPoolExecutor-0_0 - DEBUG - Job e43e2f76-6d9b-45e0-8ece-885599386db3 progress: preparing_inputs (15.0%) - Encoding text prompt (chunk 66/13)...
TEXT_ENCODER:EVAL_CHUNK:67:8:353932800
2026-07-17 18:27:41,796 - ai-video-worker - v0.1.1 - [79746] - ThreadPoolExecutor-0_0 - DEBUG - Job e43e2f76-6d9b-45e0-8ece-885599386db3 progress: preparing_inputs (15.0%) - Encoding text prompt (chunk 67/8)...
TEXT_ENCODER:EVAL_CHUNK:68:1:770703360
2026-07-17 18:27:41,808 - ai-video-worker - v0.1.1 - [79746] - ThreadPoolExecutor-0_0 - DEBUG - Job e43e2f76-6d9b-45e0-8ece-885599386db3 progress: preparing_inputs (15.0%) - Encoding text prompt (chunk 68/1)...
TEXT_ENCODER:EVAL_CHUNK:69:1:4096
2026-07-17 18:27:41,833 - ai-video-worker - v0.1.1 - [79746] - ThreadPoolExecutor-0_0 - DEBUG - Job e43e2f76-6d9b-45e0-8ece-885599386db3 progress: preparing_inputs (15.0%) - Encoding text prompt (chunk 69/1)...
TEXT_ENCODER:EVAL_COMPLETE:69
TEXT_ENCODER:ENCODE_START
2026-07-17 18:27:42,811 - ai-video-worker - v0.1.1 - [79746] - MainThread - INFO - Incoming GET /jobs/e43e2f76-6d9b-45e0-8ece-885599386db3
2026-07-17 18:27:42,811 - ai-video-worker - v0.1.1 - [79746] - MainThread - DEBUG - Request headers: {'host': '127.0.0.1:8000', 'user-agent': 'curl/8.7.1', 'accept': '*/*'}
2026-07-17 18:27:42,811 - ai-video-worker - v0.1.1 - [79746] - MainThread - INFO - Completed GET /jobs/e43e2f76-6d9b-45e0-8ece-885599386db3 - Status 200 - Duration 0.43ms
INFO:     127.0.0.1:56115 - "GET /jobs/e43e2f76-6d9b-45e0-8ece-885599386db3 HTTP/1.1" 200 OK
TEXT_ENCODER:ENCODE_POSITIVE_COMPLETE
TEXT_ENCODER:ENCODE_COMPLETE
[94m🤖 Loading transformer (A/V mode)...[0m
TRANSFORMER:EVAL_START:6874
TRANSFORMER:EVAL_CHUNK:1:16:442646528
TRANSFORMER:EVAL_CHUNK:2:16:111747328
TRANSFORMER:EVAL_CHUNK:3:16:215564544
TRANSFORMER:EVAL_CHUNK:4:16:103321600
TRANSFORMER:EVAL_CHUNK:5:16:28614720
TRANSFORMER:EVAL_CHUNK:6:16:28884992
TRANSFORMER:EVAL_CHUNK:7:16:78254144
TRANSFORMER:EVAL_CHUNK:8:16:7229504
TRANSFORMER:EVAL_CHUNK:9:16:9326592
TRANSFORMER:EVAL_CHUNK:10:16:23662656
TRANSFORMER:EVAL_CHUNK:11:16:9728000
TRANSFORMER:EVAL_CHUNK:12:16:12079168
TRANSFORMER:EVAL_CHUNK:13:16:21446720
TRANSFORMER:EVAL_CHUNK:14:16:28614720
TRANSFORMER:EVAL_CHUNK:15:16:28614720
TRANSFORMER:EVAL_CHUNK:16:16:80220160
TRANSFORMER:EVAL_CHUNK:17:16:7229504
TRANSFORMER:EVAL_CHUNK:18:16:7233536
TRANSFORMER:EVAL_CHUNK:19:16:23793728
TRANSFORMER:EVAL_CHUNK:20:16:9723968
TRANSFORMER:EVAL_CHUNK:21:16:14045184
TRANSFORMER:EVAL_CHUNK:22:16:28131392
TRANSFORMER:EVAL_CHUNK:23:16:28614720
TRANSFORMER:EVAL_CHUNK:24:16:55353408
TRANSFORMER:EVAL_CHUNK:25:16:44703744
TRANSFORMER:EVAL_CHUNK:26:16:7229504
TRANSFORMER:EVAL_CHUNK:27:16:7229504
TRANSFORMER:EVAL_CHUNK:28:16:25890816
TRANSFORMER:EVAL_CHUNK:29:16:9723968
TRANSFORMER:EVAL_CHUNK:30:16:11952128
TRANSFORMER:EVAL_CHUNK:31:16:28528704
TRANSFORMER:EVAL_CHUNK:32:16:28614720
TRANSFORMER:EVAL_CHUNK:33:16:56950848
TRANSFORMER:EVAL_CHUNK:34:16:44802048
TRANSFORMER:EVAL_CHUNK:35:16:7229504
TRANSFORMER:EVAL_CHUNK:36:16:13914176
TRANSFORMER:EVAL_CHUNK:37:16:17113088
TRANSFORMER:EVAL_CHUNK:38:16:9723968
TRANSFORMER:EVAL_CHUNK:39:16:11948096
TRANSFORMER:EVAL_CHUNK:40:16:28413952
TRANSFORMER:EVAL_CHUNK:41:16:37511232
TRANSFORMER:EVAL_CHUNK:42:16:83689536
TRANSFORMER:EVAL_CHUNK:43:16:9285632
TRANSFORMER:EVAL_CHUNK:44:16:7229504
TRANSFORMER:EVAL_CHUNK:45:16:14319680
TRANSFORMER:EVAL_CHUNK:46:16:18800640
TRANSFORMER:EVAL_CHUNK:47:16:11952192
TRANSFORMER:EVAL_CHUNK:48:16:7553088
TRANSFORMER:EVAL_CHUNK:49:16:37265408
TRANSFORMER:EVAL_CHUNK:50:16:29130816
TRANSFORMER:EVAL_CHUNK:51:16:85262400
TRANSFORMER:EVAL_CHUNK:52:16:7188480
TRANSFORMER:EVAL_CHUNK:53:16:9449536
TRANSFORMER:EVAL_CHUNK:54:16:21004352
TRANSFORMER:EVAL_CHUNK:55:16:10022912
TRANSFORMER:EVAL_CHUNK:56:16:12083264
TRANSFORMER:EVAL_CHUNK:57:16:16199744
TRANSFORMER:EVAL_CHUNK:58:16:28884992
TRANSFORMER:EVAL_CHUNK:59:16:28614720
TRANSFORMER:EVAL_CHUNK:60:16:85336128
TRANSFORMER:EVAL_CHUNK:61:16:9326592
TRANSFORMER:EVAL_CHUNK:62:16:7356480
TRANSFORMER:EVAL_CHUNK:63:16:21397568
TRANSFORMER:EVAL_CHUNK:64:16:9502720
TRANSFORMER:EVAL_CHUNK:65:16:16531520
TRANSFORMER:EVAL_CHUNK:66:16:12275776
TRANSFORMER:EVAL_CHUNK:67:16:28614720
TRANSFORMER:EVAL_CHUNK:68:16:37265408
TRANSFORMER:EVAL_CHUNK:69:16:78651456
TRANSFORMER:EVAL_CHUNK:70:16:7233536
TRANSFORMER:EVAL_CHUNK:71:16:7229504
TRANSFORMER:EVAL_CHUNK:72:16:21434432
TRANSFORMER:EVAL_CHUNK:73:16:13914112
TRANSFORMER:EVAL_CHUNK:74:16:12341312
TRANSFORMER:EVAL_CHUNK:75:16:20922432
TRANSFORMER:EVAL_CHUNK:76:16:28614720
TRANSFORMER:EVAL_CHUNK:77:16:28884992
TRANSFORMER:EVAL_CHUNK:78:16:78254144
TRANSFORMER:EVAL_CHUNK:79:16:7229504
TRANSFORMER:EVAL_CHUNK:80:16:9326592
TRANSFORMER:EVAL_CHUNK:81:16:23662656
TRANSFORMER:EVAL_CHUNK:82:16:9728000
TRANSFORMER:EVAL_CHUNK:83:16:12079168
TRANSFORMER:EVAL_CHUNK:84:16:21446720
TRANSFORMER:EVAL_CHUNK:85:16:28614720
TRANSFORMER:EVAL_CHUNK:86:16:28614720
TRANSFORMER:EVAL_CHUNK:87:16:80220160
TRANSFORMER:EVAL_CHUNK:88:16:7229504
TRANSFORMER:EVAL_CHUNK:89:16:7233536
TRANSFORMER:EVAL_CHUNK:90:16:23793728
TRANSFORMER:EVAL_CHUNK:91:16:9723968
TRANSFORMER:EVAL_CHUNK:92:16:14045184
TRANSFORMER:EVAL_CHUNK:93:16:28131392
TRANSFORMER:EVAL_CHUNK:94:16:28614720
TRANSFORMER:EVAL_CHUNK:95:16:55353408
TRANSFORMER:EVAL_CHUNK:96:16:44703744
TRANSFORMER:EVAL_CHUNK:97:16:7229504
TRANSFORMER:EVAL_CHUNK:98:16:7229504
TRANSFORMER:EVAL_CHUNK:99:16:25890816
TRANSFORMER:EVAL_CHUNK:100:16:9723968
TRANSFORMER:EVAL_CHUNK:101:16:11952128
TRANSFORMER:EVAL_CHUNK:102:16:28528704
TRANSFORMER:EVAL_CHUNK:103:16:28614720
TRANSFORMER:EVAL_CHUNK:104:16:56950848
TRANSFORMER:EVAL_CHUNK:105:16:44802048
TRANSFORMER:EVAL_CHUNK:106:16:7229504
TRANSFORMER:EVAL_CHUNK:107:16:13914176
TRANSFORMER:EVAL_CHUNK:108:16:17113088
TRANSFORMER:EVAL_CHUNK:109:16:9723968
TRANSFORMER:EVAL_CHUNK:110:16:11948096
TRANSFORMER:EVAL_CHUNK:111:16:28413952
TRANSFORMER:EVAL_CHUNK:112:16:37511232
TRANSFORMER:EVAL_CHUNK:113:16:83689536
TRANSFORMER:EVAL_CHUNK:114:16:9285632
TRANSFORMER:EVAL_CHUNK:115:16:7229504
TRANSFORMER:EVAL_CHUNK:116:16:14319680
TRANSFORMER:EVAL_CHUNK:117:16:18800640
TRANSFORMER:EVAL_CHUNK:118:16:11952192
TRANSFORMER:EVAL_CHUNK:119:16:7553088
TRANSFORMER:EVAL_CHUNK:120:16:37265408
TRANSFORMER:EVAL_CHUNK:121:16:29130816
TRANSFORMER:EVAL_CHUNK:122:16:85262400
TRANSFORMER:EVAL_CHUNK:123:16:7188480
TRANSFORMER:EVAL_CHUNK:124:16:9449536
TRANSFORMER:EVAL_CHUNK:125:16:21004352
TRANSFORMER:EVAL_CHUNK:126:16:10022912
TRANSFORMER:EVAL_CHUNK:127:16:12083264
TRANSFORMER:EVAL_CHUNK:128:16:16199744
TRANSFORMER:EVAL_CHUNK:129:16:28884992
TRANSFORMER:EVAL_CHUNK:130:16:28614720
TRANSFORMER:EVAL_CHUNK:131:16:85336128
TRANSFORMER:EVAL_CHUNK:132:16:9326592
TRANSFORMER:EVAL_CHUNK:133:16:7356480
TRANSFORMER:EVAL_CHUNK:134:16:21397568
TRANSFORMER:EVAL_CHUNK:135:16:9502720
TRANSFORMER:EVAL_CHUNK:136:16:16531520
TRANSFORMER:EVAL_CHUNK:137:16:12275776
TRANSFORMER:EVAL_CHUNK:138:16:28614720
TRANSFORMER:EVAL_CHUNK:139:16:37265408
TRANSFORMER:EVAL_CHUNK:140:16:78651456
TRANSFORMER:EVAL_CHUNK:141:16:7233536
TRANSFORMER:EVAL_CHUNK:142:16:7229504
TRANSFORMER:EVAL_CHUNK:143:16:21434432
TRANSFORMER:EVAL_CHUNK:144:16:13914112
TRANSFORMER:EVAL_CHUNK:145:16:12341312
TRANSFORMER:EVAL_CHUNK:146:16:20922432
TRANSFORMER:EVAL_CHUNK:147:16:28614720
TRANSFORMER:EVAL_CHUNK:148:16:28884992
TRANSFORMER:EVAL_CHUNK:149:16:78254144
TRANSFORMER:EVAL_CHUNK:150:16:7229504
TRANSFORMER:EVAL_CHUNK:151:16:9326592
TRANSFORMER:EVAL_CHUNK:152:16:23662656
TRANSFORMER:EVAL_CHUNK:153:16:9728000
TRANSFORMER:EVAL_CHUNK:154:16:12079168
TRANSFORMER:EVAL_CHUNK:155:16:21446720
TRANSFORMER:EVAL_CHUNK:156:16:28614720
TRANSFORMER:EVAL_CHUNK:157:16:28614720
TRANSFORMER:EVAL_CHUNK:158:16:80220160
TRANSFORMER:EVAL_CHUNK:159:16:7229504
TRANSFORMER:EVAL_CHUNK:160:16:7233536
TRANSFORMER:EVAL_CHUNK:161:16:23793728
TRANSFORMER:EVAL_CHUNK:162:16:9723968
TRANSFORMER:EVAL_CHUNK:163:16:14045184
TRANSFORMER:EVAL_CHUNK:164:16:28131392
TRANSFORMER:EVAL_CHUNK:165:16:28614720
TRANSFORMER:EVAL_CHUNK:166:16:55353408
TRANSFORMER:EVAL_CHUNK:167:16:44703744
TRANSFORMER:EVAL_CHUNK:168:16:7229504
TRANSFORMER:EVAL_CHUNK:169:16:7229504
TRANSFORMER:EVAL_CHUNK:170:16:25890816
TRANSFORMER:EVAL_CHUNK:171:16:9723968
TRANSFORMER:EVAL_CHUNK:172:16:11952128
TRANSFORMER:EVAL_CHUNK:173:16:28528704
TRANSFORMER:EVAL_CHUNK:174:16:28614720
TRANSFORMER:EVAL_CHUNK:175:16:56950848
TRANSFORMER:EVAL_CHUNK:176:16:44802048
TRANSFORMER:EVAL_CHUNK:177:16:7229504
TRANSFORMER:EVAL_CHUNK:178:16:13914176
TRANSFORMER:EVAL_CHUNK:179:16:17113088
TRANSFORMER:EVAL_CHUNK:180:16:9723968
TRANSFORMER:EVAL_CHUNK:181:16:11948096
TRANSFORMER:EVAL_CHUNK:182:16:28413952
TRANSFORMER:EVAL_CHUNK:183:16:37511232
TRANSFORMER:EVAL_CHUNK:184:16:83689536
TRANSFORMER:EVAL_CHUNK:185:16:9285632
TRANSFORMER:EVAL_CHUNK:186:16:7229504
TRANSFORMER:EVAL_CHUNK:187:16:14319680
TRANSFORMER:EVAL_CHUNK:188:16:18800640
TRANSFORMER:EVAL_CHUNK:189:16:11952192
TRANSFORMER:EVAL_CHUNK:190:16:7553088
TRANSFORMER:EVAL_CHUNK:191:16:37265408
TRANSFORMER:EVAL_CHUNK:192:16:29130816
TRANSFORMER:EVAL_CHUNK:193:16:85262400
TRANSFORMER:EVAL_CHUNK:194:16:7188480
TRANSFORMER:EVAL_CHUNK:195:16:9449536
TRANSFORMER:EVAL_CHUNK:196:16:21004352
TRANSFORMER:EVAL_CHUNK:197:16:10022912
TRANSFORMER:EVAL_CHUNK:198:16:12083264
TRANSFORMER:EVAL_CHUNK:199:16:16199744
TRANSFORMER:EVAL_CHUNK:200:16:28884992
TRANSFORMER:EVAL_CHUNK:201:16:28614720
TRANSFORMER:EVAL_CHUNK:202:16:85336128
TRANSFORMER:EVAL_CHUNK:203:16:9326592
TRANSFORMER:EVAL_CHUNK:204:16:7356480
TRANSFORMER:EVAL_CHUNK:205:16:21397568
TRANSFORMER:EVAL_CHUNK:206:16:9502720
TRANSFORMER:EVAL_CHUNK:207:16:16531520
TRANSFORMER:EVAL_CHUNK:208:16:12275776
TRANSFORMER:EVAL_CHUNK:209:16:28614720
TRANSFORMER:EVAL_CHUNK:210:16:37265408
TRANSFORMER:EVAL_CHUNK:211:16:78651456
TRANSFORMER:EVAL_CHUNK:212:16:7233536
TRANSFORMER:EVAL_CHUNK:213:16:7229504
TRANSFORMER:EVAL_CHUNK:214:16:21434432
TRANSFORMER:EVAL_CHUNK:215:16:13914112
TRANSFORMER:EVAL_CHUNK:216:16:12341312
TRANSFORMER:EVAL_CHUNK:217:16:20922432
TRANSFORMER:EVAL_CHUNK:218:16:28614720
TRANSFORMER:EVAL_CHUNK:219:16:28884992
TRANSFORMER:EVAL_CHUNK:220:16:78254144
TRANSFORMER:EVAL_CHUNK:221:16:7229504
TRANSFORMER:EVAL_CHUNK:222:16:9326592
TRANSFORMER:EVAL_CHUNK:223:16:23662656
TRANSFORMER:EVAL_CHUNK:224:16:9728000
TRANSFORMER:EVAL_CHUNK:225:16:12079168
TRANSFORMER:EVAL_CHUNK:226:16:21446720
TRANSFORMER:EVAL_CHUNK:227:16:28614720
TRANSFORMER:EVAL_CHUNK:228:16:28614720
TRANSFORMER:EVAL_CHUNK:229:16:80220160
TRANSFORMER:EVAL_CHUNK:230:16:7229504
TRANSFORMER:EVAL_CHUNK:231:16:7233536
TRANSFORMER:EVAL_CHUNK:232:16:23793728
TRANSFORMER:EVAL_CHUNK:233:16:9723968
TRANSFORMER:EVAL_CHUNK:234:16:14045184
TRANSFORMER:EVAL_CHUNK:235:16:28131392
TRANSFORMER:EVAL_CHUNK:236:16:28614720
TRANSFORMER:EVAL_CHUNK:237:16:55353408
TRANSFORMER:EVAL_CHUNK:238:16:44703744
TRANSFORMER:EVAL_CHUNK:239:16:7229504
TRANSFORMER:EVAL_CHUNK:240:16:7229504
TRANSFORMER:EVAL_CHUNK:241:16:25890816
TRANSFORMER:EVAL_CHUNK:242:16:9723968
TRANSFORMER:EVAL_CHUNK:243:16:11952128
TRANSFORMER:EVAL_CHUNK:244:16:28528704
TRANSFORMER:EVAL_CHUNK:245:16:28614720
TRANSFORMER:EVAL_CHUNK:246:16:56950848
TRANSFORMER:EVAL_CHUNK:247:16:44802048
TRANSFORMER:EVAL_CHUNK:248:16:7229504
TRANSFORMER:EVAL_CHUNK:249:16:13914176
TRANSFORMER:EVAL_CHUNK:250:16:17113088
TRANSFORMER:EVAL_CHUNK:251:16:9723968
TRANSFORMER:EVAL_CHUNK:252:16:11948096
TRANSFORMER:EVAL_CHUNK:253:16:28413952
TRANSFORMER:EVAL_CHUNK:254:16:37511232
TRANSFORMER:EVAL_CHUNK:255:16:83689536
TRANSFORMER:EVAL_CHUNK:256:16:9285632
TRANSFORMER:EVAL_CHUNK:257:16:7229504
TRANSFORMER:EVAL_CHUNK:258:16:14319680
TRANSFORMER:EVAL_CHUNK:259:16:18800640
TRANSFORMER:EVAL_CHUNK:260:16:11952192
TRANSFORMER:EVAL_CHUNK:261:16:7553088
TRANSFORMER:EVAL_CHUNK:262:16:37265408
TRANSFORMER:EVAL_CHUNK:263:16:29130816
TRANSFORMER:EVAL_CHUNK:264:16:85262400
TRANSFORMER:EVAL_CHUNK:265:16:7188480
TRANSFORMER:EVAL_CHUNK:266:16:9449536
TRANSFORMER:EVAL_CHUNK:267:16:21004352
TRANSFORMER:EVAL_CHUNK:268:16:10022912
TRANSFORMER:EVAL_CHUNK:269:16:12083264
TRANSFORMER:EVAL_CHUNK:270:16:16199744
TRANSFORMER:EVAL_CHUNK:271:16:28884992
TRANSFORMER:EVAL_CHUNK:272:16:28614720
TRANSFORMER:EVAL_CHUNK:273:16:85336128
TRANSFORMER:EVAL_CHUNK:274:16:9326592
TRANSFORMER:EVAL_CHUNK:275:16:7356480
TRANSFORMER:EVAL_CHUNK:276:16:21397568
TRANSFORMER:EVAL_CHUNK:277:16:9502720
TRANSFORMER:EVAL_CHUNK:278:16:16531520
TRANSFORMER:EVAL_CHUNK:279:16:12275776
TRANSFORMER:EVAL_CHUNK:280:16:28614720
TRANSFORMER:EVAL_CHUNK:281:16:37265408
TRANSFORMER:EVAL_CHUNK:282:16:78651456
TRANSFORMER:EVAL_CHUNK:283:16:7233536
TRANSFORMER:EVAL_CHUNK:284:16:7229504
TRANSFORMER:EVAL_CHUNK:285:16:21434432
TRANSFORMER:EVAL_CHUNK:286:16:13914112
TRANSFORMER:EVAL_CHUNK:287:16:12341312
TRANSFORMER:EVAL_CHUNK:288:16:20922432
TRANSFORMER:EVAL_CHUNK:289:16:28614720
TRANSFORMER:EVAL_CHUNK:290:16:28884992
TRANSFORMER:EVAL_CHUNK:291:16:78254144
TRANSFORMER:EVAL_CHUNK:292:16:7229504
TRANSFORMER:EVAL_CHUNK:293:16:9326592
TRANSFORMER:EVAL_CHUNK:294:16:23662656
TRANSFORMER:EVAL_CHUNK:295:16:9728000
TRANSFORMER:EVAL_CHUNK:296:16:12079168
TRANSFORMER:EVAL_CHUNK:297:16:21446720
TRANSFORMER:EVAL_CHUNK:298:16:28614720
TRANSFORMER:EVAL_CHUNK:299:16:28614720
TRANSFORMER:EVAL_CHUNK:300:16:80220160
TRANSFORMER:EVAL_CHUNK:301:16:7229504
TRANSFORMER:EVAL_CHUNK:302:16:7233536
TRANSFORMER:EVAL_CHUNK:303:16:23793728
TRANSFORMER:EVAL_CHUNK:304:16:9723968
TRANSFORMER:EVAL_CHUNK:305:16:14045184
TRANSFORMER:EVAL_CHUNK:306:16:28131392
TRANSFORMER:EVAL_CHUNK:307:16:28614720
TRANSFORMER:EVAL_CHUNK:308:16:55353408
TRANSFORMER:EVAL_CHUNK:309:16:44703744
TRANSFORMER:EVAL_CHUNK:310:16:7229504
TRANSFORMER:EVAL_CHUNK:311:16:7229504
TRANSFORMER:EVAL_CHUNK:312:16:25890816
TRANSFORMER:EVAL_CHUNK:313:16:9723968
TRANSFORMER:EVAL_CHUNK:314:16:11952128
TRANSFORMER:EVAL_CHUNK:315:16:28528704
TRANSFORMER:EVAL_CHUNK:316:16:28614720
TRANSFORMER:EVAL_CHUNK:317:16:56950848
TRANSFORMER:EVAL_CHUNK:318:16:44802048
TRANSFORMER:EVAL_CHUNK:319:16:7229504
TRANSFORMER:EVAL_CHUNK:320:16:13914176
TRANSFORMER:EVAL_CHUNK:321:16:17113088
TRANSFORMER:EVAL_CHUNK:322:16:9723968
TRANSFORMER:EVAL_CHUNK:323:16:11948096
TRANSFORMER:EVAL_CHUNK:324:16:28413952
TRANSFORMER:EVAL_CHUNK:325:16:37511232
TRANSFORMER:EVAL_CHUNK:326:16:83689536
TRANSFORMER:EVAL_CHUNK:327:16:9285632
TRANSFORMER:EVAL_CHUNK:328:16:7229504
TRANSFORMER:EVAL_CHUNK:329:16:14319680
TRANSFORMER:EVAL_CHUNK:330:16:18800640
TRANSFORMER:EVAL_CHUNK:331:16:11952192
TRANSFORMER:EVAL_CHUNK:332:16:7553088
TRANSFORMER:EVAL_CHUNK:333:16:37265408
TRANSFORMER:EVAL_CHUNK:334:16:29130816
TRANSFORMER:EVAL_CHUNK:335:16:85262400
TRANSFORMER:EVAL_CHUNK:336:16:7188480
TRANSFORMER:EVAL_CHUNK:337:16:9449536
TRANSFORMER:EVAL_CHUNK:338:16:21004352
TRANSFORMER:EVAL_CHUNK:339:16:10022912
TRANSFORMER:EVAL_CHUNK:340:16:12083264
TRANSFORMER:EVAL_CHUNK:341:16:16199744
TRANSFORMER:EVAL_CHUNK:342:16:28884992
TRANSFORMER:EVAL_CHUNK:343:16:28614720
TRANSFORMER:EVAL_CHUNK:344:16:85336128
TRANSFORMER:EVAL_CHUNK:345:16:9326592
TRANSFORMER:EVAL_CHUNK:346:16:7356480
TRANSFORMER:EVAL_CHUNK:347:16:21397568
TRANSFORMER:EVAL_CHUNK:348:16:9502720
TRANSFORMER:EVAL_CHUNK:349:16:16531520
TRANSFORMER:EVAL_CHUNK:350:16:12275776
TRANSFORMER:EVAL_CHUNK:351:16:28614720
TRANSFORMER:EVAL_CHUNK:352:16:37265408
TRANSFORMER:EVAL_CHUNK:353:16:78651456
TRANSFORMER:EVAL_CHUNK:354:16:7233536
TRANSFORMER:EVAL_CHUNK:355:16:7229504
TRANSFORMER:EVAL_CHUNK:356:16:21434432
TRANSFORMER:EVAL_CHUNK:357:16:13914112
TRANSFORMER:EVAL_CHUNK:358:16:12341312
TRANSFORMER:EVAL_CHUNK:359:16:20922432
TRANSFORMER:EVAL_CHUNK:360:16:28614720
TRANSFORMER:EVAL_CHUNK:361:16:28884992
TRANSFORMER:EVAL_CHUNK:362:16:78254144
TRANSFORMER:EVAL_CHUNK:363:16:7229504
TRANSFORMER:EVAL_CHUNK:364:16:9326592
TRANSFORMER:EVAL_CHUNK:365:16:23662656
TRANSFORMER:EVAL_CHUNK:366:16:9728000
TRANSFORMER:EVAL_CHUNK:367:16:12079168
TRANSFORMER:EVAL_CHUNK:368:16:21446720
TRANSFORMER:EVAL_CHUNK:369:16:28614720
TRANSFORMER:EVAL_CHUNK:370:16:28614720
TRANSFORMER:EVAL_CHUNK:371:16:80220160
TRANSFORMER:EVAL_CHUNK:372:16:7229504
TRANSFORMER:EVAL_CHUNK:373:16:7233536
TRANSFORMER:EVAL_CHUNK:374:16:23793728
TRANSFORMER:EVAL_CHUNK:375:16:9723968
TRANSFORMER:EVAL_CHUNK:376:16:14045184
TRANSFORMER:EVAL_CHUNK:377:16:28131392
TRANSFORMER:EVAL_CHUNK:378:16:28614720
TRANSFORMER:EVAL_CHUNK:379:16:55353408
TRANSFORMER:EVAL_CHUNK:380:16:44703744
TRANSFORMER:EVAL_CHUNK:381:16:7229504
TRANSFORMER:EVAL_CHUNK:382:16:7229504
TRANSFORMER:EVAL_CHUNK:383:16:25890816
TRANSFORMER:EVAL_CHUNK:384:16:9723968
TRANSFORMER:EVAL_CHUNK:385:16:11952128
TRANSFORMER:EVAL_CHUNK:386:16:28528704
TRANSFORMER:EVAL_CHUNK:387:16:28614720
TRANSFORMER:EVAL_CHUNK:388:16:56950848
TRANSFORMER:EVAL_CHUNK:389:16:44802048
TRANSFORMER:EVAL_CHUNK:390:16:7229504
TRANSFORMER:EVAL_CHUNK:391:16:13914176
TRANSFORMER:EVAL_CHUNK:392:16:17113088
TRANSFORMER:EVAL_CHUNK:393:16:9723968
TRANSFORMER:EVAL_CHUNK:394:16:11948096
TRANSFORMER:EVAL_CHUNK:395:16:28413952
TRANSFORMER:EVAL_CHUNK:396:16:37511232
TRANSFORMER:EVAL_CHUNK:397:16:83689536
TRANSFORMER:EVAL_CHUNK:398:16:9285632
TRANSFORMER:EVAL_CHUNK:399:16:7229504
TRANSFORMER:EVAL_CHUNK:400:16:14319680
TRANSFORMER:EVAL_CHUNK:401:16:18800640
TRANSFORMER:EVAL_CHUNK:402:16:11952192
TRANSFORMER:EVAL_CHUNK:403:16:7553088
TRANSFORMER:EVAL_CHUNK:404:16:37265408
TRANSFORMER:EVAL_CHUNK:405:16:29130816
TRANSFORMER:EVAL_CHUNK:406:16:85262400
TRANSFORMER:EVAL_CHUNK:407:16:7188480
TRANSFORMER:EVAL_CHUNK:408:16:9449536
TRANSFORMER:EVAL_CHUNK:409:16:21004352
TRANSFORMER:EVAL_CHUNK:410:16:10022912
TRANSFORMER:EVAL_CHUNK:411:16:12083264
TRANSFORMER:EVAL_CHUNK:412:16:16199744
TRANSFORMER:EVAL_CHUNK:413:16:28884992
TRANSFORMER:EVAL_CHUNK:414:16:28614720
TRANSFORMER:EVAL_CHUNK:415:16:85336128
TRANSFORMER:EVAL_CHUNK:416:16:9326592
TRANSFORMER:EVAL_CHUNK:417:16:7356480
TRANSFORMER:EVAL_CHUNK:418:16:21397568
TRANSFORMER:EVAL_CHUNK:419:16:9502720
TRANSFORMER:EVAL_CHUNK:420:16:16531520
TRANSFORMER:EVAL_CHUNK:421:16:12275776
TRANSFORMER:EVAL_CHUNK:422:16:28614720
TRANSFORMER:EVAL_CHUNK:423:16:37265408
TRANSFORMER:EVAL_CHUNK:424:16:78651456
TRANSFORMER:EVAL_CHUNK:425:16:7233536
TRANSFORMER:EVAL_CHUNK:426:16:7229504
TRANSFORMER:EVAL_CHUNK:427:16:21434432
TRANSFORMER:EVAL_CHUNK:428:16:13914112
TRANSFORMER:EVAL_CHUNK:429:16:12341312
TRANSFORMER:EVAL_CHUNK:430:10:2564160
TRANSFORMER:EVAL_COMPLETE:430
[93m⚡ Stage 1: Generating at 352x256 (8 steps)...[0m
Denoising A/V:   0%|          | 0/8 [00:00<?, ?it/s]STAGE:1:STEP:1:8:Denoising
2026-07-17 18:27:45,248 - ai-video-worker - v0.1.1 - [79746] - ThreadPoolExecutor-0_0 - DEBUG - Job e43e2f76-6d9b-45e0-8ece-885599386db3 progress: generating_video (15.0%) - Starting unified AV generation (this can take several minutes)...
2026-07-17 18:27:45,249 - ai-video-worker - v0.1.1 - [79746] - ThreadPoolExecutor-0_0 - DEBUG - Job e43e2f76-6d9b-45e0-8ece-885599386db3 progress: generating_video (19.4%) - Denoising Stage 1: Step 1/8...
Denoising A/V:  12%|#2        | 1/8 [00:01<00:13,  1.98s/it]STAGE:1:STEP:2:8:Denoising
2026-07-17 18:27:47,227 - ai-video-worker - v0.1.1 - [79746] - ThreadPoolExecutor-0_0 - INFO - Job e43e2f76-6d9b-45e0-8ece-885599386db3 progress: generating_video (23.8%) - Denoising Stage 1: Step 2/8...
2026-07-17 18:27:47,227 - ai-video-worker - v0.1.1 - [79746] - ThreadPoolExecutor-0_0 - DEBUG - Job e43e2f76-6d9b-45e0-8ece-885599386db3 progress: generating_video (23.8%) - Denoising Stage 1: Step 2/8...
Denoising A/V:  25%|##5       | 2/8 [00:03<00:11,  1.94s/it]STAGE:1:STEP:3:8:Denoising
2026-07-17 18:27:49,134 - ai-video-worker - v0.1.1 - [79746] - ThreadPoolExecutor-0_0 - DEBUG - Job e43e2f76-6d9b-45e0-8ece-885599386db3 progress: generating_video (28.1%) - Denoising Stage 1: Step 3/8...
Denoising A/V:  38%|###7      | 3/8 [00:05<00:09,  1.93s/it]STAGE:1:STEP:4:8:Denoising
2026-07-17 18:27:51,064 - ai-video-worker - v0.1.1 - [79746] - ThreadPoolExecutor-0_0 - DEBUG - Job e43e2f76-6d9b-45e0-8ece-885599386db3 progress: generating_video (32.5%) - Denoising Stage 1: Step 4/8...
Denoising A/V:  50%|#####     | 4/8 [00:07<00:07,  1.97s/it]STAGE:1:STEP:5:8:Denoising
2026-07-17 18:27:53,090 - ai-video-worker - v0.1.1 - [79746] - ThreadPoolExecutor-0_0 - INFO - Job e43e2f76-6d9b-45e0-8ece-885599386db3 progress: generating_video (36.9%) - Denoising Stage 1: Step 5/8...
2026-07-17 18:27:53,090 - ai-video-worker - v0.1.1 - [79746] - ThreadPoolExecutor-0_0 - DEBUG - Job e43e2f76-6d9b-45e0-8ece-885599386db3 progress: generating_video (36.9%) - Denoising Stage 1: Step 5/8...
Denoising A/V:  62%|######2   | 5/8 [00:09<00:05,  1.96s/it]STAGE:1:STEP:6:8:Denoising
2026-07-17 18:27:55,022 - ai-video-worker - v0.1.1 - [79746] - ThreadPoolExecutor-0_0 - DEBUG - Job e43e2f76-6d9b-45e0-8ece-885599386db3 progress: generating_video (41.2%) - Denoising Stage 1: Step 6/8...
Denoising A/V:  75%|#######5  | 6/8 [00:11<00:03,  2.00s/it]STAGE:1:STEP:7:8:Denoising
2026-07-17 18:27:57,106 - ai-video-worker - v0.1.1 - [79746] - ThreadPoolExecutor-0_0 - DEBUG - Job e43e2f76-6d9b-45e0-8ece-885599386db3 progress: generating_video (45.6%) - Denoising Stage 1: Step 7/8...
Denoising A/V:  88%|########7 | 7/8 [00:13<00:01,  1.99s/it]STAGE:1:STEP:8:8:Denoising
2026-07-17 18:27:59,062 - ai-video-worker - v0.1.1 - [79746] - ThreadPoolExecutor-0_0 - INFO - Job e43e2f76-6d9b-45e0-8ece-885599386db3 progress: generating_video (50.0%) - Denoising Stage 1: Step 8/8...
2026-07-17 18:27:59,063 - ai-video-worker - v0.1.1 - [79746] - ThreadPoolExecutor-0_0 - DEBUG - Job e43e2f76-6d9b-45e0-8ece-885599386db3 progress: generating_video (50.0%) - Denoising Stage 1: Step 8/8...
Denoising A/V: 100%|##########| 8/8 [00:15<00:00,  1.99s/it]Denoising A/V: 100%|##########| 8/8 [00:15<00:00,  1.98s/it]
[95m🔍 Upsampling video latents 2x...[0m
  Detected mid_channels: 1024
  Loaded 72 weights
Loading VAE decoder from models/ltx-video-v1/vae_decoder.safetensors...
  Using timestep_conditioning=False from embedded_config.json (overrides detected False)
  Loaded latent mean: shape (128,)
  Loaded latent std: shape (128,)
  Found 84 decoder weights
  Found 0 timestep conditioning weights
VAE decoder loaded successfully
[93m⚡ Stage 2: Refining at 704x512 (3 steps)...[0m
Denoising A/V:   0%|          | 0/3 [00:00<?, ?it/s]STAGE:2:STEP:1:3:Denoising
2026-07-17 18:28:01,245 - ai-video-worker - v0.1.1 - [79746] - ThreadPoolExecutor-0_0 - DEBUG - Job e43e2f76-6d9b-45e0-8ece-885599386db3 progress: generating_video (61.7%) - Denoising Stage 2: Step 1/3...
2026-07-17 18:28:05,480 - ai-video-worker - v0.1.1 - [79746] - MainThread - INFO - Incoming GET /jobs/e43e2f76-6d9b-45e0-8ece-885599386db3
2026-07-17 18:28:05,480 - ai-video-worker - v0.1.1 - [79746] - MainThread - DEBUG - Request headers: {'host': '127.0.0.1:8000', 'user-agent': 'curl/8.7.1', 'accept': '*/*'}
2026-07-17 18:28:05,480 - ai-video-worker - v0.1.1 - [79746] - MainThread - INFO - Completed GET /jobs/e43e2f76-6d9b-45e0-8ece-885599386db3 - Status 200 - Duration 0.86ms
INFO:     127.0.0.1:56132 - "GET /jobs/e43e2f76-6d9b-45e0-8ece-885599386db3 HTTP/1.1" 200 OK
Denoising A/V:  33%|###3      | 1/3 [00:07<00:14,  7.23s/it]STAGE:2:STEP:2:3:Denoising
2026-07-17 18:28:08,477 - ai-video-worker - v0.1.1 - [79746] - ThreadPoolExecutor-0_0 - INFO - Job e43e2f76-6d9b-45e0-8ece-885599386db3 progress: generating_video (73.3%) - Denoising Stage 2: Step 2/3...
2026-07-17 18:28:08,477 - ai-video-worker - v0.1.1 - [79746] - ThreadPoolExecutor-0_0 - DEBUG - Job e43e2f76-6d9b-45e0-8ece-885599386db3 progress: generating_video (73.3%) - Denoising Stage 2: Step 2/3...
Denoising A/V:  67%|######6   | 2/3 [00:14<00:07,  7.39s/it]STAGE:2:STEP:3:3:Denoising
2026-07-17 18:28:15,974 - ai-video-worker - v0.1.1 - [79746] - ThreadPoolExecutor-0_0 - INFO - Job e43e2f76-6d9b-45e0-8ece-885599386db3 progress: generating_video (85.0%) - Denoising Stage 2: Step 3/3...
2026-07-17 18:28:15,975 - ai-video-worker - v0.1.1 - [79746] - ThreadPoolExecutor-0_0 - DEBUG - Job e43e2f76-6d9b-45e0-8ece-885599386db3 progress: generating_video (85.0%) - Denoising Stage 2: Step 3/3...
Denoising A/V: 100%|##########| 3/3 [00:22<00:00,  7.44s/it]Denoising A/V: 100%|##########| 3/3 [00:22<00:00,  7.41s/it]
[94m🎞️  Decoding video...[0m
2026-07-17 18:28:23,488 - ai-video-worker - v0.1.1 - [79746] - ThreadPoolExecutor-0_0 - INFO - Job e43e2f76-6d9b-45e0-8ece-885599386db3 progress: decoding (85.0%) - Decoding latents to video...
2026-07-17 18:28:23,488 - ai-video-worker - v0.1.1 - [79746] - ThreadPoolExecutor-0_0 - DEBUG - Job e43e2f76-6d9b-45e0-8ece-885599386db3 progress: decoding (85.0%) - Decoding latents to video...
[2m  Tiling (auto): spatial=384px, temporal=none[0m
2026-07-17 18:28:42,093 - ai-video-worker - v0.1.1 - [79746] - MainThread - INFO - Incoming GET /jobs/e43e2f76-6d9b-45e0-8ece-885599386db3
2026-07-17 18:28:42,093 - ai-video-worker - v0.1.1 - [79746] - MainThread - DEBUG - Request headers: {'host': '127.0.0.1:8000', 'user-agent': 'curl/8.7.1', 'accept': '*/*'}
2026-07-17 18:28:42,093 - ai-video-worker - v0.1.1 - [79746] - MainThread - INFO - Completed GET /jobs/e43e2f76-6d9b-45e0-8ece-885599386db3 - Status 200 - Duration 0.44ms
INFO:     127.0.0.1:56162 - "GET /jobs/e43e2f76-6d9b-45e0-8ece-885599386db3 HTTP/1.1" 200 OK
[92m✅ Video encoded[0m
2026-07-17 18:28:42,202 - ai-video-worker - v0.1.1 - [79746] - ThreadPoolExecutor-0_0 - INFO - Job e43e2f76-6d9b-45e0-8ece-885599386db3 progress: decoding (92.0%) - Video decoding complete.
2026-07-17 18:28:42,202 - ai-video-worker - v0.1.1 - [79746] - ThreadPoolExecutor-0_0 - DEBUG - Job e43e2f76-6d9b-45e0-8ece-885599386db3 progress: decoding (92.0%) - Video decoding complete.
[94m🔊 Decoding audio...[0m
2026-07-17 18:28:42,203 - ai-video-worker - v0.1.1 - [79746] - ThreadPoolExecutor-0_0 - DEBUG - Job e43e2f76-6d9b-45e0-8ece-885599386db3 progress: decoding (93.0%) - Decoding audio...
[94m🎬 Combining video and audio...[0m
