2026-07-18 09:14:25,878 - ai-video-worker - v0.1.1 - [5034] - MainThread - INFO - Initialized LTXGenerationEngine with adapter: MLXLTXAdapter
2026-07-18 09:14:26,436 - ai-video-worker - v0.1.1 - [5034] - MainThread - INFO - ============================================================
AI VIDEO WORKER STARTUP REPORT
============================================================
Status:         READY
Version:        0.1.1
Engine:         LTX
OS:             Darwin 26.5.1
Python:         3.13.0
Python Path:    /Library/Frameworks/Python.framework/Versions/3.13/bin/python3
Venv Path:      None
Device:         Marcels-MacBook-Pro-2.local
Chip:           Apple M4 Max
Memory:         128.0 GB total (75.31 GB free)
MLX Available:  ✅
FFmpeg:         ✅
Libraries:      fastapi:✅, uvicorn:✅, pydantic:✅, psutil:✅, requests:✅, mlx:✅, mlx_audio:✅, mlx_lm:✅, mlx_vlm:✅, mlx_video:✅, cv2:✅
Models Dir:     /Users/marcelkoert/IdeaProjects/AI Studio Local/models
Models Disk:    522.06 GB free
============================================================
2026-07-18 09:14:26,473 - ai-video-worker - v0.1.1 - [5034] - MainThread - INFO - ============================================================
AI VIDEO WORKER STARTUP REPORT
============================================================
Status:         READY
Version:        0.1.1
Engine:         LTX
OS:             Darwin 26.5.1
Python:         3.13.0
Python Path:    /Library/Frameworks/Python.framework/Versions/3.13/bin/python3
Venv Path:      None
Device:         Marcels-MacBook-Pro-2.local
Chip:           Apple M4 Max
Memory:         128.0 GB total (75.29 GB free)
MLX Available:  ✅
FFmpeg:         ✅
Libraries:      fastapi:✅, uvicorn:✅, pydantic:✅, psutil:✅, requests:✅, mlx:✅, mlx_audio:✅, mlx_lm:✅, mlx_vlm:✅, mlx_video:✅, cv2:✅
Models Dir:     /Users/marcelkoert/IdeaProjects/AI Studio Local/models
Models Disk:    522.06 GB free
============================================================
INFO:     Started server process [5034]
INFO:     Waiting for application startup.
INFO:     Application startup complete.
ERROR:    [Errno 48] error while attempting to bind on address ('127.0.0.1', 8000): address already in use
INFO:     Waiting for application shutdown.
INFO:     Application shutdown complete.
